exports[`test App renders components 1`] = `
<div>
  <div>
    <h2>
      Example 1 - 
      <small>
        click once to toggle
      </small>
    </h2>
    <input
      onClick={[Function]}
      type="submit"
      value="Toggle message" />
    <p>
      Hello world!!!
    </p>
  </div>
  <div>
    <h2>
      Example 2 - 
      <small>
        click 
        3
         times to toggle
      </small>
    </h2>
    <input
      onClick={[Function]}
      type="submit"
      value="Toggle message" />
    <p>
      Hello world!!!
    </p>
  </div>
</div>
`;
